[epoch 49] checkpoint!
l2r: acc of top [1, 10, 50] = [0.7075 0.9341 0.9855], mr = 4.905, mrr = 0.789, time = 1.8825 s 
r2l: acc of top [1, 10, 50] = [0.7058 0.9344 0.985 ], mr = 5.294, mrr = 0.787, time = 1.8827 s 
------------------weighted-------------
l2r: acc of top [1, 10, 50] = [0.703  0.9329 0.9847], mr = 4.989, mrr = 0.784, time = 1.8454 s 
r2l: acc of top [1, 10, 50] = [0.7017 0.9324 0.9842], mr = 5.558, mrr = 0.783, time = 1.8456 s 
[epoch 99] checkpoint!
l2r: acc of top [1, 10, 50] = [0.7202 0.9426 0.9876], mr = 4.204, mrr = 0.799, time = 25.4844 s 
r2l: acc of top [1, 10, 50] = [0.7148 0.941  0.9879], mr = 4.919, mrr = 0.795, time = 25.4846 s 
------------------weighted-------------
l2r: acc of top [1, 10, 50] = [0.7181 0.9425 0.988 ], mr = 4.220, mrr = 0.798, time = 7.7485 s 
r2l: acc of top [1, 10, 50] = [0.7143 0.9402 0.9882], mr = 4.908, mrr = 0.795, time = 7.7487 s 
[epoch 149] checkpoint!
l2r: acc of top [1, 10, 50] = [0.7223 0.9449 0.987 ], mr = 4.069, mrr = 0.801, time = 10.5831 s 
r2l: acc of top [1, 10, 50] = [0.7214 0.943  0.9875], mr = 4.624, mrr = 0.800, time = 10.5833 s 
------------------weighted-------------
l2r: acc of top [1, 10, 50] = [0.7216 0.9444 0.9878], mr = 4.335, mrr = 0.800, time = 2.8625 s 
r2l: acc of top [1, 10, 50] = [0.7221 0.9423 0.9871], mr = 4.669, mrr = 0.800, time = 2.8627 s 
[epoch 199] checkpoint!
l2r: acc of top [1, 10, 50] = [0.7222 0.9422 0.9862], mr = 4.960, mrr = 0.800, time = 20.9747 s 
r2l: acc of top [1, 10, 50] = [0.7219 0.94   0.9872], mr = 5.261, mrr = 0.800, time = 20.9749 s 
------------------weighted-------------
l2r: acc of top [1, 10, 50] = [0.7226 0.9423 0.9866], mr = 4.740, mrr = 0.801, time = 18.7807 s 
r2l: acc of top [1, 10, 50] = [0.7237 0.9403 0.9879], mr = 5.337, mrr = 0.801, time = 18.7809 s 
[epoch 249] checkpoint!
l2r: acc of top [1, 10, 50] = [0.7327 0.9469 0.9887], mr = 7.009, mrr = 0.808, time = 1.8617 s 
r2l: acc of top [1, 10, 50] = [0.7295 0.9472 0.9888], mr = 5.560, mrr = 0.806, time = 1.8619 s 
------------------weighted-------------
l2r: acc of top [1, 10, 50] = [0.7297 0.9455 0.9878], mr = 7.810, mrr = 0.806, time = 1.9438 s 
r2l: acc of top [1, 10, 50] = [0.7271 0.9459 0.9883], mr = 6.014, mrr = 0.805, time = 1.9440 s 
[epoch 299] checkpoint!
l2r: acc of top [1, 10, 50] = [0.739  0.9482 0.9878], mr = 6.615, mrr = 0.814, time = 1.8309 s 
r2l: acc of top [1, 10, 50] = [0.7359 0.948  0.989 ], mr = 5.757, mrr = 0.811, time = 1.8311 s 
------------------weighted-------------
l2r: acc of top [1, 10, 50] = [0.7377 0.9481 0.9884], mr = 6.286, mrr = 0.813, time = 1.8331 s 
r2l: acc of top [1, 10, 50] = [0.7365 0.9479 0.9887], mr = 5.665, mrr = 0.811, time = 1.8333 s 
[epoch 349] checkpoint!
l2r: acc of top [1, 10, 50] = [0.7433 0.9483 0.9893], mr = 5.936, mrr = 0.817, time = 21.0831 s 
r2l: acc of top [1, 10, 50] = [0.7416 0.949  0.988 ], mr = 5.744, mrr = 0.815, time = 21.0835 s 
------------------weighted-------------
l2r: acc of top [1, 10, 50] = [0.742  0.949  0.9893], mr = 6.242, mrr = 0.816, time = 15.6409 s 
r2l: acc of top [1, 10, 50] = [0.74   0.9482 0.9883], mr = 5.900, mrr = 0.814, time = 15.6411 s 
[epoch 399] checkpoint!
l2r: acc of top [1, 10, 50] = [0.732  0.9449 0.9865], mr = 7.261, mrr = 0.809, time = 21.9237 s 
r2l: acc of top [1, 10, 50] = [0.7329 0.9457 0.9864], mr = 6.351, mrr = 0.808, time = 21.9239 s 
------------------weighted-------------
l2r: acc of top [1, 10, 50] = [0.7319 0.9448 0.9863], mr = 7.318, mrr = 0.808, time = 17.6885 s 
r2l: acc of top [1, 10, 50] = [0.7323 0.9448 0.9858], mr = 6.445, mrr = 0.807, time = 17.6887 s 
[epoch 449] checkpoint!
l2r: acc of top [1, 10, 50] = [0.7329 0.9435 0.9849], mr = 8.965, mrr = 0.809, time = 1.8316 s 
r2l: acc of top [1, 10, 50] = [0.7295 0.9442 0.9862], mr = 7.330, mrr = 0.806, time = 1.8318 s 
------------------weighted-------------
l2r: acc of top [1, 10, 50] = [0.7346 0.9434 0.9847], mr = 9.576, mrr = 0.810, time = 1.8367 s 
r2l: acc of top [1, 10, 50] = [0.7311 0.9438 0.9864], mr = 7.372, mrr = 0.807, time = 1.8369 s 
[epoch 499] checkpoint!
l2r: acc of top [1, 10, 50] = [0.7481 0.9506 0.9881], mr = 5.511, mrr = 0.821, time = 21.4610 s 
r2l: acc of top [1, 10, 50] = [0.744  0.9509 0.989 ], mr = 5.376, mrr = 0.817, time = 21.4612 s 
------------------weighted-------------
l2r: acc of top [1, 10, 50] = [0.7472 0.9511 0.9877], mr = 5.398, mrr = 0.820, time = 10.2626 s 
r2l: acc of top [1, 10, 50] = [0.7449 0.9518 0.9882], mr = 5.328, mrr = 0.817, time = 10.2628 s 
[epoch 549] checkpoint!
l2r: acc of top [1, 10, 50] = [0.752  0.951  0.9878], mr = 4.939, mrr = 0.823, time = 14.1596 s 
r2l: acc of top [1, 10, 50] = [0.7505 0.9505 0.9882], mr = 5.032, mrr = 0.821, time = 14.1598 s 
------------------weighted-------------
l2r: acc of top [1, 10, 50] = [0.753  0.9507 0.9877], mr = 5.225, mrr = 0.823, time = 22.2357 s 
r2l: acc of top [1, 10, 50] = [0.7481 0.9515 0.9889], mr = 5.423, mrr = 0.820, time = 22.2359 s 
[epoch 599] checkpoint!
l2r: acc of top [1, 10, 50] = [0.7504 0.9488 0.9864], mr = 5.358, mrr = 0.821, time = 2.5773 s 
r2l: acc of top [1, 10, 50] = [0.7437 0.9492 0.9877], mr = 5.448, mrr = 0.817, time = 2.5775 s 
------------------weighted-------------
l2r: acc of top [1, 10, 50] = [0.7509 0.9488 0.9866], mr = 5.455, mrr = 0.821, time = 1.8482 s 
r2l: acc of top [1, 10, 50] = [0.7445 0.9506 0.9876], mr = 5.478, mrr = 0.818, time = 1.8484 s 
[epoch 649] checkpoint!
l2r: acc of top [1, 10, 50] = [0.7486 0.9463 0.9857], mr = 5.336, mrr = 0.819, time = 13.8799 s 
r2l: acc of top [1, 10, 50] = [0.7441 0.9484 0.9873], mr = 5.748, mrr = 0.816, time = 13.8802 s 
------------------weighted-------------
l2r: acc of top [1, 10, 50] = [0.7466 0.9472 0.9863], mr = 5.474, mrr = 0.819, time = 21.7260 s 
r2l: acc of top [1, 10, 50] = [0.7456 0.9479 0.9873], mr = 5.825, mrr = 0.817, time = 21.7262 s 
[epoch 699] checkpoint!
l2r: acc of top [1, 10, 50] = [0.7497 0.9477 0.9861], mr = 5.452, mrr = 0.820, time = 1.8401 s 
r2l: acc of top [1, 10, 50] = [0.7458 0.9473 0.9868], mr = 5.895, mrr = 0.817, time = 1.8403 s 
------------------weighted-------------
l2r: acc of top [1, 10, 50] = [0.749  0.9475 0.9866], mr = 5.354, mrr = 0.820, time = 1.8449 s 
r2l: acc of top [1, 10, 50] = [0.7464 0.9483 0.9877], mr = 6.030, mrr = 0.818, time = 1.8452 s 
[epoch 749] checkpoint!
l2r: acc of top [1, 10, 50] = [0.7448 0.9449 0.9857], mr = 5.583, mrr = 0.817, time = 1.8349 s 
r2l: acc of top [1, 10, 50] = [0.743  0.9443 0.9864], mr = 5.900, mrr = 0.815, time = 1.8351 s 
------------------weighted-------------
l2r: acc of top [1, 10, 50] = [0.7443 0.9459 0.9856], mr = 5.713, mrr = 0.817, time = 1.8370 s 
r2l: acc of top [1, 10, 50] = [0.7413 0.9466 0.986 ], mr = 5.910, mrr = 0.814, time = 1.8372 s 
[epoch 799] checkpoint!
l2r: acc of top [1, 10, 50] = [0.7429 0.9443 0.985 ], mr = 5.771, mrr = 0.815, time = 1.8279 s 
r2l: acc of top [1, 10, 50] = [0.744  0.947  0.9855], mr = 6.370, mrr = 0.815, time = 1.8281 s 
------------------weighted-------------
l2r: acc of top [1, 10, 50] = [0.7437 0.9435 0.984 ], mr = 6.867, mrr = 0.816, time = 1.8332 s 
r2l: acc of top [1, 10, 50] = [0.7425 0.9449 0.986 ], mr = 7.087, mrr = 0.814, time = 1.8334 s 
[epoch 849] checkpoint!
l2r: acc of top [1, 10, 50] = [0.7407 0.9424 0.9843], mr = 6.025, mrr = 0.814, time = 35.8897 s 
r2l: acc of top [1, 10, 50] = [0.7385 0.9439 0.985 ], mr = 6.567, mrr = 0.811, time = 35.8899 s 
------------------weighted-------------
l2r: acc of top [1, 10, 50] = [0.7417 0.941  0.9828], mr = 7.039, mrr = 0.814, time = 21.9324 s 
r2l: acc of top [1, 10, 50] = [0.7388 0.9431 0.9845], mr = 7.100, mrr = 0.811, time = 21.9326 s 
[epoch 899] checkpoint!
l2r: acc of top [1, 10, 50] = [0.7416 0.9413 0.984 ], mr = 5.884, mrr = 0.814, time = 21.1269 s 
r2l: acc of top [1, 10, 50] = [0.7389 0.9429 0.985 ], mr = 6.655, mrr = 0.811, time = 21.1271 s 
------------------weighted-------------
l2r: acc of top [1, 10, 50] = [0.7345 0.9384 0.9834], mr = 6.452, mrr = 0.809, time = 23.1289 s 
r2l: acc of top [1, 10, 50] = [0.7367 0.9407 0.9845], mr = 6.913, mrr = 0.809, time = 23.1291 s 
[epoch 949] checkpoint!
l2r: acc of top [1, 10, 50] = [0.7418 0.9404 0.9832], mr = 6.003, mrr = 0.814, time = 22.5607 s 
r2l: acc of top [1, 10, 50] = [0.7387 0.9419 0.985 ], mr = 6.528, mrr = 0.811, time = 22.5609 s 
------------------weighted-------------
l2r: acc of top [1, 10, 50] = [0.7383 0.9393 0.9811], mr = 6.797, mrr = 0.812, time = 23.2830 s 
r2l: acc of top [1, 10, 50] = [0.7372 0.9403 0.9822], mr = 7.379, mrr = 0.809, time = 23.2833 s 
[epoch 999] checkpoint!
l2r: acc of top [1, 10, 50] = [0.744  0.9422 0.9837], mr = 6.182, mrr = 0.815, time = 20.8366 s 
r2l: acc of top [1, 10, 50] = [0.7408 0.9447 0.9837], mr = 6.540, mrr = 0.812, time = 20.8368 s 
------------------weighted-------------
l2r: acc of top [1, 10, 50] = [0.7417 0.9407 0.9831], mr = 7.259, mrr = 0.814, time = 47.9303 s 
r2l: acc of top [1, 10, 50] = [0.7393 0.9431 0.9837], mr = 7.445, mrr = 0.811, time = 47.9305 s 
